# fvcrc20:2 (blackwell)
cd /home/xiang/interesting && CUDA_VISIBLE_DEVICES=2 HF_HUB_OFFLINE=0 PYTHONDONTWRITEBYTECODE=1  /home/xiang/interesting/.venv/bin/python /home/xiang/interesting/01-hidden-preconditioner/src/run_lit.py --tag frame --cond signperm2 --lr 0.0002 --steps 300 --grad_clip 1e9

Warning: Permanently added 'fvcrc00' (ED25519) to the list of known hosts.
Warning: Permanently added 'fvcrc20' (ED25519) to the list of known hosts.
[W903 01:56:22.296024964 CUDACachingAllocator.cpp:3933] memory allocation failed with OOM on device 0 while trying to allocate 2097152 bytes (free: 51642368, total: 101971722240).
[W903 01:56:22.343687532 CUDACachingAllocator.cpp:3933] memory allocation failed with OOM on device 0 while trying to allocate 2097152 bytes (free: 51642368, total: 101971722240).
Traceback (most recent call last):
  File "/home/xiang/interesting/01-hidden-preconditioner/src/run_lit.py", line 409, in <module>
    main()
  File "/home/xiang/interesting/01-hidden-preconditioner/src/run_lit.py", line 321, in main
    adapters = apply_lora(model, args.r, args.alpha, factory, targets=targets,
               ^^^^^^^^^^^^^^^^^^^^^^^^^^^^^^^^^^^^^^^^^^^^^^^^^^^^^^^^^^^^^^^
  File "/home/xiang/interesting/01-hidden-preconditioner/src/../../common/lora.py", line 93, in apply_lora
    out = a_factory(name, r, d_in, d_out)
          ^^^^^^^^^^^^^^^^^^^^^^^^^^^^^^^
  File "/home/xiang/interesting/01-hidden-preconditioner/src/run_lit.py", line 287, in factory
    tgt = weighted_traces(base, name, d_in)[idx]
          ^^^^^^^^^^^^^^^^^^^^^^^^^^^^^^^^^
  File "/home/xiang/interesting/01-hidden-preconditioner/src/run_lit.py", line 218, in weighted_traces
    Ad = A.float().cuda()
         ^^^^^^^^^^^^^^^^
torch.OutOfMemoryError: CUDA out of memory. Tried to allocate 2.00 MiB. GPU 0 has a total capacity of 94.97 GiB of which 49.25 MiB is free. Process 1023918 has 1.59 GiB memory in use. Process 3516351 has 36.42 GiB memory in use. Process 3516354 has 36.42 GiB memory in use. Including non-PyTorch memory, this process has 3.47 GiB memory in use. Process 3527667 has 16.98 GiB memory in use. Of the allocated memory 2.33 GiB is allocated by PyTorch, and 514.19 MiB is reserved by PyTorch but unallocated. If reserved but unallocated memory is large try setting PYTORCH_CUDA_ALLOC_CONF=expandable_segments:True to avoid fragmentation.  See documentation for Memory Management  (https://docs.pytorch.org/docs/stable/notes/cuda.html#optimizing-memory-usage-with-pytorch-cuda-alloc-conf)
 PyTorch, and 873.69 MiB is reserved by PyTorch but unallocated. If reserved but unallocated memory is large try setting PYTORCH_CUDA_ALLOC_CONF=expandable_segments:True to avoid fragmentation.  See documentation for Memory Management  (https://docs.pytorch.org/docs/stable/notes/cuda.html#optimizing-memory-usage-with-pytorch-cuda-alloc-conf)
