# fvcrc20:3 (blackwell)
cd /home/xiang/interesting && CUDA_VISIBLE_DEVICES=3 HF_HUB_OFFLINE=0 PYTHONDONTWRITEBYTECODE=1  /home/xiang/interesting/.venv/bin/python /home/xiang/interesting/01-hidden-preconditioner/src/run_lit.py --tag frame --cond kaiming --lr 0.0003 --seed 1 --steps 300 --grad_clip 1e9

Warning: Permanently added 'fvcrc00' (ED25519) to the list of known hosts.
Warning: Permanently added 'fvcrc20' (ED25519) to the list of known hosts.
    step 0/300 loss=1.1613 (1s)
[W9[W902 23:50:19.666109504 CUDACachingAllocator.cpp:3933] memory allocation failed with OOM on device 0 while trying to allocate 744488960 bytes (free: 369950720, total: 101971722240).
[W902 23:50:19.871510597 CUDACachingAllocator.cpp:3933] memory allocation failed with OOM on device 0    step 120/300 loss=0.4263 (109s)
    step 150/300 loss=0.4519 (135s)
    step 180/300 loss=0.3708 (167s)
    step 210/300 loss=0.3947 (193s)
    step 240/300 loss=0.3913 (220s)
    step 270/300 loss=0.3581 (245s)
    step 299/300 loss=0.3930 (269s)
[kaiming_lr0.0003_s1] base=0.83113 final=0.44514 (272s)
ator.cpp:3933] memory allocation failed with OOM on device 0 while trying to allocate 989855744 bytes (free: 760020992, total: 101971722240).
[W902 23:50:20.478984019 CUDACachingAllocator.cpp:3933] memory allocation failed with OOM on device 0 while trying to allocate 989855744 bytes (free: 760020992, total: 101971722240).
Traceback (most recent call last):
  File "/home/xiang/interesting/01-hidden-preconditioner/src/run_lit.py", line 357, in <module>
    main()
  File "/home/xiang/interesting/01-hidden-preconditioner/src/run_lit.py", line 316, in main
    base_eval = eval_loss(model, tel, args.eval_batches, "cuda")
                ^^^^^^^^^^^^^^^^^^^^^^^^^^^^^^^^^^^^^^^^^^^^^^^^
  File "/home/xiang/miniconda3/envs/dlm_clean/lib/python3.12/site-packages/torch/utils/_contextlib.py", line 124, in decorate_context
    return func(*args, **kwargs)
           ^^^^^^^^^^^^^^^^^^^^^
  File "/home/xiang/interesting/01-hidden-preconditioner/src/../../common/train.py", line 47, in eval_loss
    ls = nn.functional.cross_entropy(
         ^^^^^^^^^^^^^^^^^^^^^^^^^^^^
  File "/home/xiang/miniconda3/envs/dlm_clean/lib/python3.12/site-packages/torch/nn/functional.py", line 3555, in cross_entropy
    return torch._C._nn.cross_entropy_loss(
           ^^^^^^^^^^^^^^^^^^^^^^^^^^^^^^^^
torch.OutOfMemoryError: CUDA out of memory. Tried to allocate 944.00 MiB. GPU 0 has a total capacity of 94.97 GiB of which 724.81 MiB is free. Process 175498 has 12.81 GiB memory in use. Process 3435014 has 34.59 GiB memory in use. Including non-PyTorch memory, this process has 6.46 GiB memory in use. Process 3435008 has 40.36 GiB memory in use. Of the allocated memory 4.85 GiB is allocated by PyTorch, and 983.97 MiB is reserved by PyTorch but unallocated. If reserved but unallocated memory is large try setting PYTORCH_CUDA_ALLOC_CONF=expandable_segments:True to avoid fragmentation.  See documentation for Memory Management  (https://docs.pytorch.org/docs/stable/notes/cuda.html#optimizing-memory-usage-with-pytorch-cuda-alloc-conf)
