# fvcrc20:1 (blackwell)
cd /home/xiang/interesting && CUDA_VISIBLE_DEVICES=1 HF_HUB_OFFLINE=0 PYTHONDONTWRITEBYTECODE=1  /home/xiang/interesting/.venv/bin/python /home/xiang/interesting/01-hidden-preconditioner/src/run_lit.py --tag rank --cond frame1 --lr 7e-05 --r 128 --alpha 256 --steps 300 --grad_clip 1e9

Warning: Permanently added 'fvcrc00' (ED25519) to the list of known hosts.
Warning: Permanently added 'fvcrc20' (ED25519) to the list of known hosts.
[W903 15:55:04.662178663 CUDACachingAllocator.cpp:3933] memory allocation failed with OOM on device 0 while trying to allocate 2097152 bytes (free: 73531392, total: 101971722240).
    step 0/300 loss=1.1613 (2s)
[W903 15:55:17.444664932 CUDACachingAllocator.cpp:3933] memory allocation failed with OOM on device 0 while trying to allocate 1673527296 bytes (free: 418840576, total: 101971722240).
[W903 15:55:18.224155862 CUDACachingAllocator.cpp:3933] memory allocation failed with OOM on device 0 while trying to allocate 1954545664 bytes (free: 536281088, total: 101971722240).
[W903 15:55:19.098563822 CUDACachingAllocator.cpp:3933] memory allocation failed with OOM on device 0 while trying to allocate 2168455168 bytes (free: 1463222272, total: 101971722240).
[W903 15:55:19.179804595 CUDACachingAllocator.cpp:3933] memory allocation failed with OOM on device 0 while trying to allocate 2178940928 bytes (free: 1618411520, total: 101971722240).
[W903 15:55:19.901847763 CUDACachingAllocator.cpp:3933] memory allocation failed with OOM on device 0 while trying to allocate 2539651072 bytes (free: 1024917504, total: 101971722240).
[W903 15:55:20.241880891 CUDACachingAllocator.cpp:3933] memory allocation failed with OOM on device 0 while trying to allocate 1598029824 bytes (free: 1616314368, total: 101971722240).
[W903 15:55:20.242660314 CUDACachingAllocator.cpp:3933] memory allocation failed with OOM on device 0 while trying to allocate 1598029824 bytes (free: 1616314368, total: 101971722240).
Traceback (most recent call last):
  File "/home/xiang/interesting/01-hidden-preconditioner/src/run_lit.py", line 409, in <module>
    main()
  File "/home/xiang/interesting/01-hidden-preconditioner/src/run_lit.py", line 390, in main
    log = train(model, adapters, params, trl, tel, cfg, callback=cb, log_every=5,
          ^^^^^^^^^^^^^^^^^^^^^^^^^^^^^^^^^^^^^^^^^^^^^^^^^^^^^^^^^^^^^^^^^^^^^^^
  File "/home/xiang/interesting/01-hidden-preconditioner/src/../../common/train.py", line 172, in train
    (loss_sum / max(ntok, 1) / accum).backward()
  File "/home/xiang/miniconda3/envs/dlm_clean/lib/python3.12/site-packages/torch/_tensor.py", line 623, in backward
    torch.autograd.backward(
  File "/home/xiang/miniconda3/envs/dlm_clean/lib/python3.12/site-packages/torch/autograd/__init__.py", line 395, in backward
    _engine_run_backward(
  File "/home/xiang/miniconda3/envs/dlm_clean/lib/python3.12/site-packages/torch/autograd/graph.py", line 979, in _engine_run_backward
    return Variable._execution_engine.run_backward(  # Calls into the C++ engine to run the backward pass
           ^^^^^^^^^^^^^^^^^^^^^^^^^^^^^^^^^^^^^^^^^^^^^^^^^^^^^^^^^^^^^^^^^^^^^^^^^^^^^^^^^^^^^^^^^^^^^^
torch.OutOfMemoryError: CUDA out of memory. Tried to allocate 1.49 GiB. GPU 0 has a total capacity of 94.97 GiB of which 1.51 GiB is free. Process 202071 has 26.00 GiB memory in use. Process 410256 has 44.68 GiB memory in use. Including non-PyTorch memory, this process has 22.75 GiB memory in use. Of the allocated memory 21.23 GiB is allocated by PyTorch, and 850.66 MiB is reserved by PyTorch but unallocated. If reserved but unallocated memory is large try setting PYTORCH_CUDA_ALLOC_CONF=expandable_segments:True to avoid fragmentation.  See documentation for Memory Management  (https://docs.pytorch.org/docs/stable/notes/cuda.html#optimizing-memory-usage-with-pytorch-cuda-alloc-conf)
