# fvcrc20:0 (blackwell)
cd /home/xiang/interesting && CUDA_VISIBLE_DEVICES=0 HF_HUB_OFFLINE=0 PYTHONDONTWRITEBYTECODE=1  /home/xiang/interesting/.venv/bin/python /home/xiang/interesting/02-representation-gauge/src/run_dose.py --tag muon_dose --method lora --gauge none --lr 0.0003 --optimizer muon --momentum 0.95 --steps 500

Warning: Permanently added 'fvcrc00' (ED25519) to the list of known hosts.
Warning: Permanently added 'fvcrc20' (ED25519) to the list of known hosts.
    step 0/500 loss=0.6461 (2s)
[W903 02:01:26.948883143 CUDACachingAllocator.cpp:3933] memory allocation failed with OOM on device 0 while trying to allocate 3598712832 bytes (free: 3066232832, total: 101971722240).
[W903 02:01:27.593825098 CUDACachingAllocator.cpp:3933] memory allocation failed with OOM on device 0 while trying to allocate 2636120064 bytes (free: 1839398912, total: 101971722240).
[W903 02:01:27.602286268 CUDACachingAllocator.cpp:3933] memory allocation failed with OOM on device 0 while trying to allocate 2636120064 bytes (free: 1858273280, total: 101971722240).
Traceback (most recent call last):
  File "/home/xiang/interesting/02-representation-gauge/src/run_dose.py", line 147, in <module>
    main()
  File "/home/xiang/interesting/02-representation-gauge/src/run_dose.py", line 135, in main
    log = train(model, adapters, params, trl, tel, cfg, log_every=5,
          ^^^^^^^^^^^^^^^^^^^^^^^^^^^^^^^^^^^^^^^^^^^^^^^^^^^^^^^^^^
  File "/home/xiang/interesting/02-representation-gauge/src/../../common/train.py", line 166, in train
    (loss_sum / max(ntok, 1) / accum).backward()
  File "/home/xiang/miniconda3/envs/dlm_clean/lib/python3.12/site-packages/torch/_tensor.py", line 623, in backward
    torch.autograd.backward(
  File "/home/xiang/miniconda3/envs/dlm_clean/lib/python3.12/site-packages/torch/autograd/__init__.py", line 395, in backward
    _engine_run_backward(
  File "/home/xiang/miniconda3/envs/dlm_clean/lib/python3.12/site-packages/torch/autograd/graph.py", line 979, in _engine_run_backward
    return Variable._execution_engine.run_backward(  # Calls into the C++ engine to run the backward pass
           ^^^^^^^^^^^^^^^^^^^^^^^^^^^^^^^^^^^^^^^^^^^^^^^^^^^^^^^^^^^^^^^^^^^^^^^^^^^^^^^^^^^^^^^^^^^^^^
torch.OutOfMemoryError: CUDA out of memory. Tried to allocate 2.46 GiB. GPU 0 has a total capacity of 94.97 GiB of which 1.73 GiB is free. Process 1381976 has 13.35 GiB memory in use. Process 3535881 has 3.48 GiB memory in use. Process 3535862 has 39.53 GiB memory in use. Including non-PyTorch memory, this process has 36.83 GiB memory in use. Of the allocated memory 33.09 GiB is allocated by PyTorch, and 3.10 GiB is reserved by PyTorch but unallocated. If reserved but unallocated memory is large try setting PYTORCH_CUDA_ALLOC_CONF=expandable_segments:True to avoid fragmentation.  See documentation for Memory Management  (https://docs.pytorch.org/docs/stable/notes/cuda.html#optimizing-memory-usage-with-pytorch-cuda-alloc-conf)
