# LOCAL:0 (blackwell)
cd /home/xiang/interesting && CUDA_VISIBLE_DEVICES=0 HF_HUB_OFFLINE=0 PYTHONDONTWRITEBYTECODE=1  /home/xiang/interesting/.venv/bin/python /home/xiang/interesting/01-hidden-preconditioner/src/run_lit.py --tag frame_bf16 --cond frame1 --lr 0.0002 --steps 300 --grad_clip 1e9 --amp bf16

[W903 01:45:55.890716410 CUDACachingAllocator.cpp:3933] memory allocation failed with OOM on device 0 while trying to allocate 12582912 bytes (free: 90570752, total: 101971591168).
[W903 01:45:55.890976158 CUDACachingAllocator.cpp:3933] memory allocation failed with OOM on device 0 while trying to allocate 12582912 bytes (free: 90570752, total: 101971591168).
Traceback (most recent call last):
  File "/home/xiang/interesting/01-hidden-preconditioner/src/run_lit.py", line 409, in <module>
    main()
  File "/home/xiang/interesting/01-hidden-preconditioner/src/run_lit.py", line 185, in main
    model, tok = load_model(args.model, dtype=dict(
                 ^^^^^^^^^^^^^^^^^^^^^^^^^^^^^^^^^^
  File "/home/xiang/interesting/01-hidden-preconditioner/src/../../common/train.py", line 31, in load_model
    m.to(device)
  File "/home/xiang/miniconda3/envs/dlm_clean/lib/python3.12/site-packages/transformers/modeling_utils.py", line 4343, in to
    return super().to(*args, **kwargs)
           ^^^^^^^^^^^^^^^^^^^^^^^^^^^
  File "/home/xiang/miniconda3/envs/dlm_clean/lib/python3.12/site-packages/torch/nn/modules/module.py", line 1383, in to
    return self._apply(convert)
           ^^^^^^^^^^^^^^^^^^^^
  File "/home/xiang/miniconda3/envs/dlm_clean/lib/python3.12/site-packages/torch/nn/modules/module.py", line 933, in _apply
    module._apply(fn)
  File "/home/xiang/miniconda3/envs/dlm_clean/lib/python3.12/site-packages/torch/nn/modules/module.py", line 933, in _apply
    module._apply(fn)
  File "/home/xiang/miniconda3/envs/dlm_clean/lib/python3.12/site-packages/torch/nn/modules/module.py", line 933, in _apply
    module._apply(fn)
  [Previous line repeated 2 more times]
  File "/home/xiang/miniconda3/envs/dlm_clean/lib/python3.12/site-packages/torch/nn/modules/module.py", line 964, in _apply
    param_applied = fn(param)
                    ^^^^^^^^^
  File "/home/xiang/miniconda3/envs/dlm_clean/lib/python3.12/site-packages/torch/nn/modules/module.py", line 1369, in convert
    return t.to(
           ^^^^^
torch.OutOfMemoryError: CUDA out of memory. Tried to allocate 12.00 MiB. GPU 0 has a total capacity of 94.97 GiB of which 86.38 MiB is free. Process 11994 has 7.55 GiB memory in use. Process 554620 has 75.50 GiB memory in use. Process 554880 has 3.51 GiB memory in use. Process 555429 has 6.59 GiB memory in use. Including non-PyTorch memory, this process has 1.68 GiB memory in use. Of the allocated memory 1.14 GiB is allocated by PyTorch, and 1.92 MiB is reserved by PyTorch but unallocated. If reserved but unallocated memory is large try setting PYTORCH_CUDA_ALLOC_CONF=expandable_segments:True to avoid fragmentation.  See documentation for Memory Management  (https://docs.pytorch.org/docs/stable/notes/cuda.html#optimizing-memory-usage-with-pytorch-cuda-alloc-conf)
